exports[`api getQuery format a query 1`] = `
"SELECT *
    WHERE animal_type = \'Livestock\' AND animal_type != \'Bird\'
    ORDER BY datetime
    LIMIT 10
    OFFSET 6
  "
`;

exports[`api getWhereClause should format a single querystring 1`] = `"WHERE animal_type = \'Livestock\'"`;

exports[`api getWhereClause should format multiple querystring 1`] = `"WHERE animal_type = \'Livestock\' AND animal_type != \'Bird\'"`;

exports[`api getWhereClause should skip null for one search 1`] = `""`;

exports[`api getWhereClause should skip null two searches 1`] = `"WHERE animal_type != \'Bird\'"`;
